<html>
<body>
<pre>
<h1>µVision Build Log</h1>
<h2>Project:</h2>
C:\Users\Rejmi\Documents\STUDIA\S5\SKSMSW\I2C\ADVANCED\1\I2C.uvproj
Project File Date:  01/03/2021

<h2>Output:</h2>
Rebuild target 'Target 1'
assembling Startup.s...
compiling main.c...
compiling command_decoder.c...
compiling string.c...
compiling uart.c...
compiling i2c.c...
compiling led.c...
linking...
Program Size: Code=6784 RO-data=32 RW-data=120 ZI-data=1464  
FromELF: creating hex file...
".\I2C.axf" - 0 Errors, 0 Warning(s).
