<html>
<body>
<pre>
<h1>µVision Build Log</h1>
<h2>Project:</h2>
C:\Users\Rejmi\Documents\STUDIA\S5\SKSMSW\I2C\BASIC\I2C.uvproj
Project File Date:  11/09/2020

<h2>Output:</h2>
Rebuild target 'Target 1'
assembling Startup.s...
compiling main.c...
linking...
Program Size: Code=1216 RO-data=32 RW-data=4 ZI-data=1260  
FromELF: creating hex file...
".\I2C.axf" - 0 Errors, 0 Warning(s).
Rebuild target 'Target 1'
assembling Startup.s...
compiling main.c...
linking...
Program Size: Code=1216 RO-data=32 RW-data=4 ZI-data=1260  
FromELF: creating hex file...
".\I2C.axf" - 0 Errors, 0 Warning(s).
Rebuild target 'Target 1'
assembling Startup.s...
compiling main.c...
linking...
Program Size: Code=1216 RO-data=32 RW-data=4 ZI-data=1260  
FromELF: creating hex file...
".\I2C.axf" - 0 Errors, 0 Warning(s).
Rebuild target 'Target 1'
assembling Startup.s...
compiling main.c...
linking...
Program Size: Code=1216 RO-data=32 RW-data=4 ZI-data=1260  
FromELF: creating hex file...
".\I2C.axf" - 0 Errors, 0 Warning(s).
Rebuild target 'Target 1'
assembling Startup.s...
compiling main.c...
linking...
Program Size: Code=1224 RO-data=32 RW-data=4 ZI-data=1260  
FromELF: creating hex file...
".\I2C.axf" - 0 Errors, 0 Warning(s).
Rebuild target 'Target 1'
assembling Startup.s...
compiling main.c...
linking...
Program Size: Code=1224 RO-data=32 RW-data=4 ZI-data=1260  
FromELF: creating hex file...
".\I2C.axf" - 0 Errors, 0 Warning(s).
Rebuild target 'Target 1'
assembling Startup.s...
compiling main.c...
linking...
Program Size: Code=1228 RO-data=32 RW-data=4 ZI-data=1260  
FromELF: creating hex file...
".\I2C.axf" - 0 Errors, 0 Warning(s).
Rebuild target 'Target 1'
assembling Startup.s...
compiling main.c...
linking...
Program Size: Code=1228 RO-data=32 RW-data=4 ZI-data=1260  
FromELF: creating hex file...
".\I2C.axf" - 0 Errors, 0 Warning(s).
Rebuild target 'Target 1'
assembling Startup.s...
compiling main.c...
linking...
Program Size: Code=1228 RO-data=32 RW-data=4 ZI-data=1260  
FromELF: creating hex file...
".\I2C.axf" - 0 Errors, 0 Warning(s).
Rebuild target 'Target 1'
assembling Startup.s...
compiling main.c...
linking...
Program Size: Code=1268 RO-data=32 RW-data=4 ZI-data=1260  
FromELF: creating hex file...
".\I2C.axf" - 0 Errors, 0 Warning(s).
Rebuild target 'Target 1'
assembling Startup.s...
compiling main.c...
main.c(123): error:  #268: declaration may not appear after executable statement in block
".\I2C.axf" - 1 Errors, 0 Warning(s).
Target not created
Rebuild target 'Target 1'
assembling Startup.s...
compiling main.c...
linking...
Program Size: Code=1316 RO-data=32 RW-data=4 ZI-data=1260  
FromELF: creating hex file...
".\I2C.axf" - 0 Errors, 0 Warning(s).
Rebuild target 'Target 1'
assembling Startup.s...
compiling main.c...
linking...
Program Size: Code=1316 RO-data=32 RW-data=4 ZI-data=1260  
FromELF: creating hex file...
".\I2C.axf" - 0 Errors, 0 Warning(s).
Rebuild target 'Target 1'
assembling Startup.s...
compiling main.c...
linking...
Program Size: Code=1320 RO-data=32 RW-data=4 ZI-data=1260  
FromELF: creating hex file...
".\I2C.axf" - 0 Errors, 0 Warning(s).
Rebuild target 'Target 1'
assembling Startup.s...
compiling main.c...
linking...
Program Size: Code=1308 RO-data=32 RW-data=4 ZI-data=1260  
FromELF: creating hex file...
".\I2C.axf" - 0 Errors, 0 Warning(s).
Rebuild target 'Target 1'
assembling Startup.s...
compiling main.c...
linking...
Program Size: Code=1356 RO-data=32 RW-data=4 ZI-data=1260  
FromELF: creating hex file...
".\I2C.axf" - 0 Errors, 0 Warning(s).
Rebuild target 'Target 1'
assembling Startup.s...
compiling main.c...
linking...
Program Size: Code=1356 RO-data=32 RW-data=4 ZI-data=1260  
FromELF: creating hex file...
".\I2C.axf" - 0 Errors, 0 Warning(s).
Rebuild target 'Target 1'
assembling Startup.s...
compiling main.c...
linking...
Program Size: Code=1356 RO-data=32 RW-data=4 ZI-data=1260  
FromELF: creating hex file...
".\I2C.axf" - 0 Errors, 0 Warning(s).
Build target 'Target 1'
compiling main.c...
linking...
Program Size: Code=1356 RO-data=32 RW-data=4 ZI-data=1260  
FromELF: creating hex file...
".\I2C.axf" - 0 Errors, 0 Warning(s).
Rebuild target 'Target 1'
assembling Startup.s...
compiling main.c...
linking...
Program Size: Code=1356 RO-data=32 RW-data=4 ZI-data=1260  
FromELF: creating hex file...
".\I2C.axf" - 0 Errors, 0 Warning(s).
Rebuild target 'Target 1'
assembling Startup.s...
compiling main.c...
linking...
Program Size: Code=1344 RO-data=32 RW-data=4 ZI-data=1260  
FromELF: creating hex file...
".\I2C.axf" - 0 Errors, 0 Warning(s).
