<html>
<body>
<pre>
<h1>µVision Build Log</h1>
<h2>Project:</h2>
C:\Users\Rejmi\Documents\STUDIA\S5\SKSMSW\SPI\Basic\zad3\SPI.uvproj
Project File Date:  11/01/2020

<h2>Output:</h2>
Rebuild target 'Target 1'
assembling Startup.s...
compiling main.c...
main.c(68): error:  #29: expected an expression
main.c(68): error:  #20: identifier "i" is undefined
main.c(72): error:  #29: expected an expression
".\SPI.axf" - 3 Errors, 0 Warning(s).
Target not created
Rebuild target 'Target 1'
assembling Startup.s...
compiling main.c...
main.c(68): error:  #29: expected an expression
main.c(68): error:  #20: identifier "i" is undefined
main.c(72): error:  #29: expected an expression
".\SPI.axf" - 3 Errors, 0 Warning(s).
Target not created
Rebuild target 'Target 1'
assembling Startup.s...
compiling main.c...
main.c(75): error:  #29: expected an expression
".\SPI.axf" - 1 Errors, 0 Warning(s).
Target not created
Rebuild target 'Target 1'
assembling Startup.s...
compiling main.c...
linking...
Program Size: Code=1436 RO-data=16 RW-data=0 ZI-data=1256  
FromELF: creating hex file...
".\SPI.axf" - 0 Errors, 0 Warning(s).
Rebuild target 'Target 1'
assembling Startup.s...
compiling main.c...
linking...
Program Size: Code=1428 RO-data=16 RW-data=0 ZI-data=1256  
FromELF: creating hex file...
".\SPI.axf" - 0 Errors, 0 Warning(s).
Rebuild target 'Target 1'
assembling Startup.s...
compiling main.c...
linking...
Program Size: Code=3108 RO-data=16 RW-data=0 ZI-data=1256  
FromELF: creating hex file...
".\SPI.axf" - 0 Errors, 0 Warning(s).
Rebuild target 'Target 1'
assembling Startup.s...
compiling main.c...
linking...
Program Size: Code=3108 RO-data=16 RW-data=0 ZI-data=1256  
FromELF: creating hex file...
".\SPI.axf" - 0 Errors, 0 Warning(s).
Rebuild target 'Target 1'
assembling Startup.s...
compiling main.c...
linking...
Program Size: Code=3072 RO-data=16 RW-data=0 ZI-data=1256  
FromELF: creating hex file...
".\SPI.axf" - 0 Errors, 0 Warning(s).
Rebuild target 'Target 1'
assembling Startup.s...
compiling main.c...
main.c(33): error:  #29: expected an expression
main.c(34): error:  #31: expression must have integral type
".\SPI.axf" - 2 Errors, 0 Warning(s).
Target not created
Rebuild target 'Target 1'
assembling Startup.s...
compiling main.c...
linking...
Program Size: Code=7080 RO-data=304 RW-data=0 ZI-data=1256  
FromELF: creating hex file...
".\SPI.axf" - 0 Errors, 0 Warning(s).
Rebuild target 'Target 1'
assembling Startup.s...
compiling main.c...
linking...
Program Size: Code=7080 RO-data=304 RW-data=0 ZI-data=1256  
FromELF: creating hex file...
".\SPI.axf" - 0 Errors, 0 Warning(s).
Rebuild target 'Target 1'
assembling Startup.s...
compiling main.c...
linking...
Program Size: Code=7080 RO-data=304 RW-data=0 ZI-data=1256  
FromELF: creating hex file...
".\SPI.axf" - 0 Errors, 0 Warning(s).
Rebuild target 'Target 1'
assembling Startup.s...
compiling main.c...
linking...
Program Size: Code=7080 RO-data=304 RW-data=0 ZI-data=1256  
FromELF: creating hex file...
".\SPI.axf" - 0 Errors, 0 Warning(s).
