<html>
<body>
<pre>
<h1>µVision Build Log</h1>
<h2>Project:</h2>
C:\Users\Rejmi\Documents\STUDIA\S5\SKSMSW\SPI\Advanced\zad2\SPI.uvproj
Project File Date:  12/08/2020

<h2>Output:</h2>
Rebuild target 'Target 1'
assembling Startup.s...
compiling main.c...
compiling string.c...
compiling uart.c...
compiling command_decoder.c...
compiling spi.c...
compiling led.c...
linking...
Program Size: Code=4484 RO-data=32 RW-data=96 ZI-data=1344  
FromELF: creating hex file...
".\SPI.axf" - 0 Errors, 0 Warning(s).
Rebuild target 'Target 1'
assembling Startup.s...
compiling main.c...
compiling string.c...
compiling uart.c...
compiling command_decoder.c...
compiling spi.c...
compiling led.c...
linking...
Program Size: Code=4488 RO-data=32 RW-data=96 ZI-data=1344  
FromELF: creating hex file...
".\SPI.axf" - 0 Errors, 0 Warning(s).
Rebuild target 'Target 1'
assembling Startup.s...
compiling main.c...
compiling string.c...
compiling uart.c...
compiling command_decoder.c...
compiling spi.c...
compiling led.c...
linking...
Program Size: Code=4500 RO-data=32 RW-data=96 ZI-data=1344  
FromELF: creating hex file...
".\SPI.axf" - 0 Errors, 0 Warning(s).
Rebuild target 'Target 1'
assembling Startup.s...
compiling main.c...
compiling string.c...
compiling uart.c...
compiling command_decoder.c...
compiling spi.c...
compiling led.c...
linking...
Program Size: Code=4520 RO-data=32 RW-data=96 ZI-data=1344  
FromELF: creating hex file...
".\SPI.axf" - 0 Errors, 0 Warning(s).
Rebuild target 'Target 1'
assembling Startup.s...
compiling main.c...
compiling string.c...
compiling uart.c...
compiling command_decoder.c...
compiling spi.c...
compiling led.c...
linking...
Program Size: Code=4520 RO-data=32 RW-data=96 ZI-data=1344  
FromELF: creating hex file...
".\SPI.axf" - 0 Errors, 0 Warning(s).
Rebuild target 'Target 1'
assembling Startup.s...
compiling main.c...
compiling string.c...
compiling uart.c...
compiling command_decoder.c...
compiling spi.c...
compiling led.c...
linking...
Program Size: Code=4528 RO-data=32 RW-data=96 ZI-data=1344  
FromELF: creating hex file...
".\SPI.axf" - 0 Errors, 0 Warning(s).
Rebuild target 'Target 1'
assembling Startup.s...
compiling main.c...
compiling string.c...
compiling uart.c...
compiling command_decoder.c...
compiling spi.c...
compiling led.c...
linking...
Program Size: Code=4528 RO-data=32 RW-data=96 ZI-data=1344  
FromELF: creating hex file...
".\SPI.axf" - 0 Errors, 0 Warning(s).
Rebuild target 'Target 1'
assembling Startup.s...
compiling main.c...
compiling string.c...
compiling uart.c...
compiling command_decoder.c...
compiling spi.c...
compiling led.c...
linking...
Program Size: Code=4520 RO-data=32 RW-data=96 ZI-data=1344  
FromELF: creating hex file...
".\SPI.axf" - 0 Errors, 0 Warning(s).
Rebuild target 'Target 1'
assembling Startup.s...
compiling main.c...
compiling string.c...
compiling uart.c...
compiling command_decoder.c...
compiling spi.c...
compiling led.c...
linking...
Program Size: Code=4512 RO-data=32 RW-data=96 ZI-data=1344  
FromELF: creating hex file...
".\SPI.axf" - 0 Errors, 0 Warning(s).
Rebuild target 'Target 1'
assembling Startup.s...
compiling main.c...
compiling string.c...
compiling uart.c...
compiling command_decoder.c...
compiling spi.c...
compiling led.c...
linking...
Program Size: Code=4500 RO-data=32 RW-data=96 ZI-data=1344  
FromELF: creating hex file...
".\SPI.axf" - 0 Errors, 0 Warning(s).
Rebuild target 'Target 1'
assembling Startup.s...
compiling main.c...
compiling string.c...
compiling uart.c...
compiling command_decoder.c...
compiling spi.c...
compiling led.c...
linking...
Program Size: Code=4500 RO-data=32 RW-data=96 ZI-data=1344  
FromELF: creating hex file...
".\SPI.axf" - 0 Errors, 0 Warning(s).
Rebuild target 'Target 1'
assembling Startup.s...
compiling main.c...
compiling string.c...
compiling uart.c...
compiling command_decoder.c...
compiling spi.c...
spi.c(137): error:  #268: declaration may not appear after executable statement in block
spi.c(137): error:  #60: this operator is not allowed in an integral constant expression
spi.c(168): error:  #268: declaration may not appear after executable statement in block
spi.c(168): error:  #60: this operator is not allowed in an integral constant expression
spi.c(187): error:  #268: declaration may not appear after executable statement in block
spi.c(187): error:  #60: this operator is not allowed in an integral constant expression
compiling led.c...
".\SPI.axf" - 6 Errors, 0 Warning(s).
Target not created
Rebuild target 'Target 1'
assembling Startup.s...
compiling main.c...
compiling string.c...
compiling uart.c...
compiling command_decoder.c...
compiling spi.c...
spi.c(137): error:  #268: declaration may not appear after executable statement in block
spi.c(137): error:  #60: this operator is not allowed in an integral constant expression
spi.c(168): error:  #268: declaration may not appear after executable statement in block
spi.c(168): error:  #60: this operator is not allowed in an integral constant expression
spi.c(187): error:  #268: declaration may not appear after executable statement in block
spi.c(187): error:  #60: this operator is not allowed in an integral constant expression
compiling led.c...
".\SPI.axf" - 6 Errors, 0 Warning(s).
Target not created
Rebuild target 'Target 1'
assembling Startup.s...
compiling main.c...
main.c(12): error:  #40: expected an identifier
main.c(12): error:  #65: expected a ";"
main.c(37): error:  #20: identifier "cStringToSend" is undefined
compiling string.c...
compiling uart.c...
compiling command_decoder.c...
compiling spi.c...
compiling led.c...
".\SPI.axf" - 3 Errors, 0 Warning(s).
Target not created
Rebuild target 'Target 1'
assembling Startup.s...
compiling main.c...
compiling string.c...
compiling uart.c...
compiling command_decoder.c...
compiling spi.c...
compiling led.c...
linking...
Program Size: Code=4512 RO-data=32 RW-data=92 ZI-data=1348  
FromELF: creating hex file...
".\SPI.axf" - 0 Errors, 0 Warning(s).
Rebuild target 'Target 1'
assembling Startup.s...
compiling main.c...
compiling string.c...
compiling uart.c...
compiling command_decoder.c...
compiling spi.c...
compiling led.c...
linking...
Program Size: Code=4512 RO-data=32 RW-data=92 ZI-data=1348  
FromELF: creating hex file...
".\SPI.axf" - 0 Errors, 0 Warning(s).
Rebuild target 'Target 1'
assembling Startup.s...
compiling main.c...
compiling string.c...
compiling uart.c...
compiling command_decoder.c...
compiling spi.c...
compiling led.c...
linking...
Program Size: Code=4512 RO-data=32 RW-data=92 ZI-data=1348  
FromELF: creating hex file...
".\SPI.axf" - 0 Errors, 0 Warning(s).
Rebuild target 'Target 1'
assembling Startup.s...
compiling main.c...
compiling string.c...
compiling uart.c...
compiling command_decoder.c...
compiling spi.c...
compiling led.c...
linking...
Program Size: Code=4508 RO-data=32 RW-data=92 ZI-data=1348  
FromELF: creating hex file...
".\SPI.axf" - 0 Errors, 0 Warning(s).
Rebuild target 'Target 1'
assembling Startup.s...
compiling main.c...
compiling string.c...
compiling uart.c...
compiling command_decoder.c...
compiling spi.c...
compiling led.c...
linking...
Program Size: Code=4512 RO-data=32 RW-data=92 ZI-data=1348  
FromELF: creating hex file...
".\SPI.axf" - 0 Errors, 0 Warning(s).
Rebuild target 'Target 1'
assembling Startup.s...
compiling main.c...
compiling string.c...
compiling uart.c...
compiling command_decoder.c...
compiling spi.c...
compiling led.c...
linking...
Program Size: Code=4520 RO-data=32 RW-data=92 ZI-data=1348  
FromELF: creating hex file...
".\SPI.axf" - 0 Errors, 0 Warning(s).
Rebuild target 'Target 1'
assembling Startup.s...
compiling main.c...
compiling string.c...
compiling uart.c...
compiling command_decoder.c...
compiling spi.c...
compiling led.c...
linking...
Program Size: Code=4528 RO-data=32 RW-data=92 ZI-data=1348  
FromELF: creating hex file...
".\SPI.axf" - 0 Errors, 0 Warning(s).
Rebuild target 'Target 1'
assembling Startup.s...
compiling main.c...
compiling string.c...
compiling uart.c...
compiling command_decoder.c...
compiling spi.c...
compiling led.c...
linking...
Program Size: Code=4512 RO-data=32 RW-data=92 ZI-data=1348  
FromELF: creating hex file...
".\SPI.axf" - 0 Errors, 0 Warning(s).
Rebuild target 'Target 1'
assembling Startup.s...
compiling main.c...
compiling string.c...
compiling uart.c...
compiling command_decoder.c...
compiling spi.c...
compiling led.c...
linking...
Program Size: Code=4508 RO-data=32 RW-data=92 ZI-data=1348  
FromELF: creating hex file...
".\SPI.axf" - 0 Errors, 0 Warning(s).
Rebuild target 'Target 1'
assembling Startup.s...
compiling main.c...
compiling string.c...
compiling uart.c...
compiling command_decoder.c...
compiling spi.c...
compiling led.c...
linking...
Program Size: Code=4512 RO-data=32 RW-data=92 ZI-data=1348  
FromELF: creating hex file...
".\SPI.axf" - 0 Errors, 0 Warning(s).
Rebuild target 'Target 1'
assembling Startup.s...
compiling main.c...
compiling string.c...
compiling uart.c...
compiling command_decoder.c...
compiling spi.c...
compiling led.c...
linking...
Program Size: Code=4508 RO-data=32 RW-data=92 ZI-data=1348  
FromELF: creating hex file...
".\SPI.axf" - 0 Errors, 0 Warning(s).
Rebuild target 'Target 1'
assembling Startup.s...
compiling main.c...
main.c(36): error:  #167: argument of type "unsigned int *" is incompatible with parameter of type "unsigned int"
compiling string.c...
compiling uart.c...
compiling command_decoder.c...
compiling spi.c...
compiling led.c...
".\SPI.axf" - 1 Errors, 0 Warning(s).
Target not created
Rebuild target 'Target 1'
assembling Startup.s...
compiling main.c...
compiling string.c...
compiling uart.c...
compiling command_decoder.c...
compiling spi.c...
compiling led.c...
linking...
Program Size: Code=4508 RO-data=32 RW-data=92 ZI-data=1348  
FromELF: creating hex file...
".\SPI.axf" - 0 Errors, 0 Warning(s).
Rebuild target 'Target 1'
assembling Startup.s...
compiling main.c...
compiling string.c...
compiling uart.c...
compiling command_decoder.c...
compiling spi.c...
compiling led.c...
linking...
Program Size: Code=4520 RO-data=32 RW-data=92 ZI-data=1348  
FromELF: creating hex file...
".\SPI.axf" - 0 Errors, 0 Warning(s).
Rebuild target 'Target 1'
assembling Startup.s...
compiling main.c...
compiling string.c...
compiling uart.c...
compiling command_decoder.c...
compiling spi.c...
compiling led.c...
linking...
Program Size: Code=4508 RO-data=32 RW-data=92 ZI-data=1348  
FromELF: creating hex file...
".\SPI.axf" - 0 Errors, 0 Warning(s).
Rebuild target 'Target 1'
assembling Startup.s...
compiling main.c...
compiling string.c...
compiling uart.c...
compiling command_decoder.c...
compiling spi.c...
compiling led.c...
linking...
Program Size: Code=4620 RO-data=32 RW-data=92 ZI-data=1348  
FromELF: creating hex file...
".\SPI.axf" - 0 Errors, 0 Warning(s).
Rebuild target 'Target 1'
assembling Startup.s...
compiling main.c...
compiling string.c...
compiling uart.c...
compiling command_decoder.c...
compiling spi.c...
compiling led.c...
linking...
Program Size: Code=4620 RO-data=32 RW-data=92 ZI-data=1348  
FromELF: creating hex file...
".\SPI.axf" - 0 Errors, 0 Warning(s).
Rebuild target 'Target 1'
assembling Startup.s...
compiling main.c...
compiling string.c...
compiling uart.c...
compiling command_decoder.c...
compiling spi.c...
compiling led.c...
linking...
Program Size: Code=4520 RO-data=32 RW-data=92 ZI-data=1348  
FromELF: creating hex file...
".\SPI.axf" - 0 Errors, 0 Warning(s).
Rebuild target 'Target 1'
assembling Startup.s...
compiling main.c...
compiling string.c...
compiling uart.c...
compiling command_decoder.c...
compiling spi.c...
compiling led.c...
linking...
Program Size: Code=4520 RO-data=32 RW-data=92 ZI-data=1348  
FromELF: creating hex file...
".\SPI.axf" - 0 Errors, 0 Warning(s).
Rebuild target 'Target 1'
assembling Startup.s...
compiling main.c...
compiling string.c...
compiling uart.c...
compiling command_decoder.c...
compiling spi.c...
compiling led.c...
linking...
Program Size: Code=4516 RO-data=32 RW-data=92 ZI-data=1348  
FromELF: creating hex file...
".\SPI.axf" - 0 Errors, 0 Warning(s).
Rebuild target 'Target 1'
assembling Startup.s...
compiling main.c...
compiling string.c...
compiling uart.c...
compiling command_decoder.c...
compiling spi.c...
compiling led.c...
linking...
Program Size: Code=4516 RO-data=32 RW-data=92 ZI-data=1348  
FromELF: creating hex file...
".\SPI.axf" - 0 Errors, 0 Warning(s).
Rebuild target 'Target 1'
assembling Startup.s...
compiling main.c...
compiling string.c...
compiling uart.c...
compiling command_decoder.c...
compiling spi.c...
compiling led.c...
linking...
Program Size: Code=4516 RO-data=32 RW-data=92 ZI-data=1348  
FromELF: creating hex file...
".\SPI.axf" - 0 Errors, 0 Warning(s).
Rebuild target 'Target 1'
assembling Startup.s...
compiling main.c...
compiling string.c...
compiling uart.c...
compiling command_decoder.c...
compiling spi.c...
compiling led.c...
linking...
Program Size: Code=4516 RO-data=32 RW-data=92 ZI-data=1348  
FromELF: creating hex file...
".\SPI.axf" - 0 Errors, 0 Warning(s).
Rebuild target 'Target 1'
assembling Startup.s...
compiling main.c...
compiling string.c...
compiling uart.c...
compiling command_decoder.c...
compiling spi.c...
compiling led.c...
linking...
Program Size: Code=4520 RO-data=32 RW-data=92 ZI-data=1348  
FromELF: creating hex file...
".\SPI.axf" - 0 Errors, 0 Warning(s).
Rebuild target 'Target 1'
assembling Startup.s...
compiling main.c...
compiling string.c...
compiling uart.c...
compiling command_decoder.c...
compiling spi.c...
compiling led.c...
linking...
Program Size: Code=4496 RO-data=32 RW-data=92 ZI-data=1348  
FromELF: creating hex file...
".\SPI.axf" - 0 Errors, 0 Warning(s).
Rebuild target 'Target 1'
assembling Startup.s...
compiling main.c...
compiling string.c...
compiling uart.c...
compiling command_decoder.c...
compiling spi.c...
compiling led.c...
linking...
Program Size: Code=4496 RO-data=32 RW-data=92 ZI-data=1348  
FromELF: creating hex file...
".\SPI.axf" - 0 Errors, 0 Warning(s).
Rebuild target 'Target 1'
assembling Startup.s...
compiling main.c...
compiling string.c...
compiling uart.c...
compiling command_decoder.c...
compiling spi.c...
compiling led.c...
linking...
Program Size: Code=4520 RO-data=32 RW-data=92 ZI-data=1348  
FromELF: creating hex file...
".\SPI.axf" - 0 Errors, 0 Warning(s).
Rebuild target 'Target 1'
assembling Startup.s...
compiling main.c...
compiling string.c...
compiling uart.c...
compiling command_decoder.c...
compiling spi.c...
compiling led.c...
linking...
Program Size: Code=4520 RO-data=32 RW-data=92 ZI-data=1348  
FromELF: creating hex file...
".\SPI.axf" - 0 Errors, 0 Warning(s).
Rebuild target 'Target 1'
assembling Startup.s...
compiling main.c...
compiling string.c...
compiling uart.c...
compiling command_decoder.c...
compiling spi.c...
compiling led.c...
linking...
Program Size: Code=4520 RO-data=32 RW-data=92 ZI-data=1348  
FromELF: creating hex file...
".\SPI.axf" - 0 Errors, 0 Warning(s).
Rebuild target 'Target 1'
assembling Startup.s...
compiling main.c...
compiling string.c...
compiling uart.c...
compiling command_decoder.c...
compiling spi.c...
compiling led.c...
linking...
Program Size: Code=4520 RO-data=32 RW-data=92 ZI-data=1348  
FromELF: creating hex file...
".\SPI.axf" - 0 Errors, 0 Warning(s).
Rebuild target 'Target 1'
assembling Startup.s...
compiling main.c...
compiling string.c...
compiling uart.c...
compiling command_decoder.c...
compiling spi.c...
compiling led.c...
linking...
Program Size: Code=4520 RO-data=32 RW-data=92 ZI-data=1348  
FromELF: creating hex file...
".\SPI.axf" - 0 Errors, 0 Warning(s).
Rebuild target 'Target 1'
assembling Startup.s...
compiling main.c...
compiling string.c...
compiling uart.c...
compiling command_decoder.c...
compiling spi.c...
compiling led.c...
linking...
Program Size: Code=4540 RO-data=32 RW-data=96 ZI-data=1352  
FromELF: creating hex file...
".\SPI.axf" - 0 Errors, 0 Warning(s).
Rebuild target 'Target 1'
assembling Startup.s...
compiling main.c...
compiling string.c...
compiling uart.c...
compiling command_decoder.c...
compiling spi.c...
compiling led.c...
linking...
Program Size: Code=4540 RO-data=32 RW-data=96 ZI-data=1352  
FromELF: creating hex file...
".\SPI.axf" - 0 Errors, 0 Warning(s).
Rebuild target 'Target 1'
assembling Startup.s...
compiling main.c...
compiling string.c...
compiling uart.c...
compiling command_decoder.c...
compiling spi.c...
compiling led.c...
linking...
Program Size: Code=4540 RO-data=32 RW-data=96 ZI-data=1352  
FromELF: creating hex file...
".\SPI.axf" - 0 Errors, 0 Warning(s).
Rebuild target 'Target 1'
assembling Startup.s...
compiling main.c...
compiling string.c...
compiling uart.c...
compiling command_decoder.c...
compiling spi.c...
compiling led.c...
linking...
Program Size: Code=4540 RO-data=32 RW-data=96 ZI-data=1352  
FromELF: creating hex file...
".\SPI.axf" - 0 Errors, 0 Warning(s).
Rebuild target 'Target 1'
assembling Startup.s...
compiling main.c...
compiling string.c...
compiling uart.c...
compiling command_decoder.c...
compiling spi.c...
compiling led.c...
linking...
Program Size: Code=4540 RO-data=32 RW-data=96 ZI-data=1352  
FromELF: creating hex file...
".\SPI.axf" - 0 Errors, 0 Warning(s).
Rebuild target 'Target 1'
assembling Startup.s...
compiling main.c...
compiling string.c...
compiling uart.c...
compiling command_decoder.c...
compiling spi.c...
compiling led.c...
linking...
Program Size: Code=4520 RO-data=32 RW-data=96 ZI-data=1352  
FromELF: creating hex file...
".\SPI.axf" - 0 Errors, 0 Warning(s).
Rebuild target 'Target 1'
assembling Startup.s...
compiling main.c...
compiling string.c...
compiling uart.c...
compiling command_decoder.c...
compiling spi.c...
compiling led.c...
linking...
Program Size: Code=4520 RO-data=32 RW-data=96 ZI-data=1352  
FromELF: creating hex file...
".\SPI.axf" - 0 Errors, 0 Warning(s).
