<html>
<body>
<pre>
<h1>µVision Build Log</h1>
<h2>Project:</h2>
C:\Users\Rejmi\Documents\STUDIA\S5\SKSMSW\SPI\Advanced\zad1\SPI.uvproj
Project File Date:  11/01/2020

<h2>Output:</h2>
Rebuild target 'Target 1'
assembling Startup.s...
compiling main.c...
linking...
Program Size: Code=1788 RO-data=1456 RW-data=0 ZI-data=1256  
FromELF: creating hex file...
".\SPI.axf" - 0 Errors, 0 Warning(s).
Rebuild target 'Target 1'
assembling Startup.s...
compiling main.c...
main.c(165): warning:  #177-D: variable "sSPI_TransactionParams" was declared but never referenced
main.c(178): error:  #20: identifier "sSPI_TransactionParams" is undefined
".\SPI.axf" - 1 Errors, 1 Warning(s).
Target not created
Rebuild target 'Target 1'
assembling Startup.s...
compiling main.c...
main.c(166): warning:  #550-D: variable "sSPI_TransactionParams" was set but never used
main.c(195): error:  #20: identifier "sSPI_TransactionParams" is undefined
".\SPI.axf" - 1 Errors, 1 Warning(s).
Target not created
Rebuild target 'Target 1'
assembling Startup.s...
compiling main.c...
linking...
Program Size: Code=1824 RO-data=1456 RW-data=0 ZI-data=1256  
FromELF: creating hex file...
".\SPI.axf" - 0 Errors, 0 Warning(s).
Rebuild target 'Target 1'
assembling Startup.s...
compiling main.c...
linking...
Program Size: Code=1824 RO-data=1456 RW-data=0 ZI-data=1256  
FromELF: creating hex file...
".\SPI.axf" - 0 Errors, 0 Warning(s).
Rebuild target 'Target 1'
assembling Startup.s...
compiling main.c...
linking...
Program Size: Code=1824 RO-data=1456 RW-data=0 ZI-data=1256  
FromELF: creating hex file...
".\SPI.axf" - 0 Errors, 0 Warning(s).
Rebuild target 'Target 1'
assembling Startup.s...
compiling main.c...
main.c(188): warning:  #177-D: variable "i" was declared but never referenced
linking...
Program Size: Code=1872 RO-data=1456 RW-data=0 ZI-data=1256  
FromELF: creating hex file...
".\SPI.axf" - 0 Errors, 1 Warning(s).
Rebuild target 'Target 1'
assembling Startup.s...
compiling main.c...
main.c(188): warning:  #177-D: variable "i" was declared but never referenced
linking...
Program Size: Code=1876 RO-data=1456 RW-data=0 ZI-data=1256  
FromELF: creating hex file...
".\SPI.axf" - 0 Errors, 1 Warning(s).
Rebuild target 'Target 1'
assembling Startup.s...
compiling main.c...
main.c(188): warning:  #177-D: variable "i" was declared but never referenced
linking...
Program Size: Code=1876 RO-data=1456 RW-data=0 ZI-data=1256  
FromELF: creating hex file...
".\SPI.axf" - 0 Errors, 1 Warning(s).
Rebuild target 'Target 1'
assembling Startup.s...
compiling main.c...
linking...
Program Size: Code=1824 RO-data=1456 RW-data=0 ZI-data=1256  
FromELF: creating hex file...
".\SPI.axf" - 0 Errors, 0 Warning(s).
Rebuild target 'Target 1'
assembling Startup.s...
compiling main.c...
main.c(190): warning:  #177-D: variable "i" was declared but never referenced
linking...
Program Size: Code=1876 RO-data=1456 RW-data=0 ZI-data=1256  
FromELF: creating hex file...
".\SPI.axf" - 0 Errors, 1 Warning(s).
Rebuild target 'Target 1'
assembling Startup.s...
compiling main.c...
linking...
Program Size: Code=1824 RO-data=1456 RW-data=0 ZI-data=1256  
FromELF: creating hex file...
".\SPI.axf" - 0 Errors, 0 Warning(s).
