<html>
<body>
<pre>
<h1>µVision Build Log</h1>
<h2>Project:</h2>
C:\Users\Rejmi\Documents\STUDIA\S5\SKSMSW\SPI\Advanced\zad2\SPI.uvproj
Project File Date:  11/01/2020

<h2>Output:</h2>
Rebuild target 'Target 1'
assembling Startup.s...
compiling main.c...
main.c(20): warning:  #223-D: function "Port_MCP23S09_InitCSPin" declared implicitly
main.c(21): warning:  #223-D: function "SPI_LPC2132_Init" declared implicitly
main.c(25): warning:  #223-D: function "Port_MCP23S09_Set" declared implicitly
compiling string.c...
compiling uart.c...
compiling command_decoder.c...
compiling spi.c...
spi.c(5): error:  #20: identifier "PINSEL0" is undefined
spi.c(6): error:  #20: identifier "IO0DIR" is undefined
spi.c(8): error:  #20: identifier "S0SPCCR" is undefined
spi.c(9): error:  #20: identifier "S0SPCR" is undefined
spi.c(12): error:  #20: identifier "IO0SET" is undefined
spi.c(13): error:  #20: identifier "IO0CLR" is undefined
spi.c(15): error:  #20: identifier "S0SPDR" is undefined
spi.c(16): error:  #20: identifier "S0SPSR" is undefined
spi.c(33): error:  #20: identifier "PINSEL0" is undefined
spi.c(34): error:  #20: identifier "S0SPCR" is undefined
spi.c(35): error:  #20: identifier "S0SPCCR" is undefined
spi.c(43): error:  #20: identifier "S0SPDR" is undefined
spi.c(44): error:  #20: identifier "S0SPSR" is undefined
spi.c(48): error:  #20: identifier "S0SPDR" is undefined
spi.c(49): error:  #20: identifier "S0SPSR" is undefined
spi.c(55): error:  #20: identifier "IO0DIR" is undefined
spi.c(56): error:  #20: identifier "IO0SET" is undefined
spi.c(82): error:  #20: identifier "IO0CLR" is undefined
spi.c(84): error:  #20: identifier "IO0SET" is undefined
spi.c(96): error:  #20: identifier "IO0DIR" is undefined
spi.c(97): error:  #20: identifier "IO0SET" is undefined
spi.c(115): error:  #20: identifier "IO0CLR" is undefined
spi.c(117): error:  #20: identifier "IO0SET" is undefined
spi.c(145): error:  #20: identifier "IO0CLR" is undefined
spi.c(147): error:  #20: identifier "IO0SET" is undefined
spi.c(165): warning:  #1-D: last line of file ends without a newline
".\SPI.axf" - 25 Errors, 4 Warning(s).
Target not created
Rebuild target 'Target 1'
assembling Startup.s...
compiling main.c...
spi.h(54): warning:  #1-D: last line of file ends without a newline
compiling string.c...
compiling uart.c...
compiling command_decoder.c...
compiling spi.c...
spi.h(54): warning:  #1-D: last line of file ends without a newline
spi.c(166): warning:  #1-D: last line of file ends without a newline
linking...
Program Size: Code=2208 RO-data=16 RW-data=0 ZI-data=1256  
FromELF: creating hex file...
".\SPI.axf" - 0 Errors, 3 Warning(s).
Rebuild target 'Target 1'
assembling Startup.s...
compiling main.c...
compiling string.c...
compiling uart.c...
compiling command_decoder.c...
compiling spi.c...
linking...
Program Size: Code=2208 RO-data=16 RW-data=0 ZI-data=1256  
FromELF: creating hex file...
".\SPI.axf" - 0 Errors, 0 Warning(s).
Rebuild target 'Target 1'
assembling Startup.s...
compiling main.c...
compiling string.c...
compiling uart.c...
compiling command_decoder.c...
compiling spi.c...
linking...
Program Size: Code=2208 RO-data=16 RW-data=0 ZI-data=1256  
FromELF: creating hex file...
".\SPI.axf" - 0 Errors, 0 Warning(s).
